2025-12-29 20:24:10 INFO: Pruning zygisk for arch  in 
2025-12-29 20:24:10 INFO: No zygisk files matched removal patterns for arch 
2025-12-29 20:25:34 INFO: Pruning zygisk for arch arm64 in /tmp/tmp.LrkQXBYlvp/zygisk
2025-12-29 20:25:34 INFO: No zygisk files matched removal patterns for arch arm64
2025-12-29 20:25:39 INFO: Zygisk directory not found or not accessible, skipping: 
2025-12-29 20:25:44 INFO: Pruning zygisk for arch arm64 in /tmp/tmp.C2NBB9H7A3/zygisk
2025-12-29 20:25:44 INFO: No zygisk files matched removal patterns for arch arm64
2025-12-29 20:27:18 INFO: Pruning zygisk for arch arm64 in /tmp/tmp.TNwhRIFk6o/zygisk
2025-12-29 20:27:18 INFO: No zygisk files matched removal patterns for arch arm64
2025-12-29 20:27:18 INFO: Pruning zygisk for arch arm64 in /tmp/tmp.TNwhRIFk6o/zygisk
2025-12-29 20:27:18 INFO: No zygisk files matched removal patterns for arch arm64
2025-12-29 20:35:29 INFO: Downloading: https://example.com/test
2025-12-29 20:35:29 INFO: DRY-RUN: would download https://example.com/test -> /tmp/binstall.iS2mDL/test
2025-12-29 20:35:29 INFO: DRY-RUN: would extract/copy and place as /tmp/testbin/test (chmod 0755)
2025-12-29 20:35:37 INFO: Downloading: file:///tmp/fakebin
2025-12-29 20:35:37 SUCCESS: Installed: %s
2025-12-29 20:35:59 INFO: Downloading: file:///tmp/fakegz.gz
2025-12-29 20:35:59 INFO: DRY-RUN: would download file:///tmp/fakegz.gz -> /tmp/binstall.crZSMs/fakegz.gz
2025-12-29 20:35:59 INFO: DRY-RUN: would extract/copy and place as /tmp/instgz/gzbin (chmod 0755)
2025-12-29 20:36:00 INFO: Downloading: file:///tmp/fakegz.gz
2025-12-29 20:36:00 SUCCESS: Installed: %s
2025-12-29 20:43:16 INFO: At-exit hook registered
2025-12-29 20:43:16 INFO: SET_PERM_BINARIES
2025-12-29 20:43:16 INFO: AUTO_EXTRACT_START
2025-12-29 20:43:16 SUCCESS: AUTO_EXTRACT_INSTALL_OK
2025-12-29 20:43:16 INFO: Running at-exit handlers...
2025-12-29 20:43:16 INFO: AUTO_EXTRACT_START
2025-12-29 20:43:16 INFO: At-exit handlers finished
2025-12-29 20:43:29 INFO: At-exit hook registered
2025-12-29 20:43:29 INFO: SET_PERM_BINARIES
2025-12-29 20:43:29 INFO: AUTO_EXTRACT_START
2025-12-29 20:43:29 SUCCESS: AUTO_EXTRACT_INSTALL_OK
2025-12-29 20:43:29 INFO: Running at-exit handlers...
2025-12-29 20:43:29 INFO: AUTO_EXTRACT_START
2025-12-29 20:43:29 INFO: At-exit handlers finished
